============================= test session starts ==============================
platform darwin -- Python 3.12.11, pytest-8.4.2, pluggy-1.6.0
rootdir: /Users/nikilesh/ws/anklet/courtxai/capweb-python/py-capnweb
configfile: pyproject.toml
plugins: asyncio-1.2.0, hypothesis-6.142.3, cov-7.0.0
asyncio: mode=Mode.AUTO, debug=False, asyncio_default_fixture_loop_scope=None, asyncio_default_test_loop_scope=function
collected 624 items

tests/production_features/test_01_bidirectional_chat.py .....            [  0%]
tests/production_features/test_02_task_queue.py ......                   [  1%]
tests/production_features/test_03_data_pipeline.py ......                [  2%]
tests/production_features/test_04_pubsub.py .....                        [  3%]
tests/production_features/test_05_file_transfer.py .....                 [  4%]
tests/production_features/test_06_game_state.py .....                    [  5%]
tests/production_features/test_07_distributed_cache.py .....             [  5%]
tests/production_features/test_08_streaming_analytics.py .....           [  6%]
tests/production_features/test_09_service_mesh.py .....                  [  7%]
tests/production_features/test_10_resilient_rpc.py ......                [  8%]
tests/test_batch.py .............                                        [ 10%]
tests/test_batch_stress.py ..................                            [ 13%]
tests/test_capability_security.py .................                      [ 16%]
tests/test_certs.py .....................                                [ 19%]
tests/test_ergonomic_rpc_target.py .....................                 [ 22%]
tests/test_error.py ...........                                          [ 24%]
tests/test_hooks.py .............................                        [ 29%]
tests/test_ids.py ...............                                        [ 31%]
tests/test_map_e2e.py .........................                          [ 35%]
tests/test_map_functionality.py ...............                          [ 38%]
tests/test_map_integration.py ..........................                 [ 42%]
tests/test_map_stress.py ............................................... [ 49%]
.                                                                        [ 50%]
tests/test_parser.py .............................                       [ 54%]
tests/test_payload.py .......................                            [ 58%]
tests/test_properties.py ............................................... [ 65%]
.......                                                                  [ 66%]
tests/test_rpc_session_advanced.py .................                     [ 69%]
tests/test_rpc_session_production.py ....................                [ 72%]
tests/test_serializer.py .......................                         [ 76%]
tests/test_stress.py ............................                        [ 81%]
tests/test_stress_extreme.py ............